
> backend@1.0.0 test
> jest --verbose

  console.error
    E11000 duplicate key error collection: servis-takip-test.users index: phoneNumber_1 dup key: { phoneNumber: "5551234567" }

    [0m [90m 43 |[39m         })[33m;[39m
     [90m 44 |[39m     } [36mcatch[39m (err) {
    [31m[1m>[22m[39m[90m 45 |[39m         console[33m.[39merror(err[33m.[39mmessage)[33m;[39m
     [90m    |[39m                 [31m[1m^[22m[39m
     [90m 46 |[39m         res[33m.[39mstatus([35m500[39m)[33m.[39msend([32m'Server Error'[39m)[33m;[39m
     [90m 47 |[39m     }
     [90m 48 |[39m })[33m;[39m[0m

      at error (routes/auth.js:45:17)

node.exe : FAIL __tests__/auth.test.js
At line:1 char:1
+ & "C:\Program Files\nodejs/node.exe" "C:\Program Files\nodejs/node_mo ...
+ ~~~~~~~~~~~~~~~~~~~~~~~~~~~~~~~~~~~~~~~~~~~~~~~~~~~~~~~~~~~~~~~~~~~~~
    + CategoryInfo          : NotSpecified: (FAIL __tests__/auth.test.js:String) [], Re 
   moteException
    + FullyQualifiedErrorId : NativeCommandError
 
  Auth API
    POST /api/auth/login
      ├ù should register a new user (124 ms)
      ÔêÜ should login existing user (28 ms)
      ÔêÜ should return 400 if no phone number (8 ms)

  ÔùÅ Auth API ÔÇ║ POST /api/auth/login ÔÇ║ should register a new user

    expect(received).toBe(expected) // Object.is equality

    Expected: 201
    Received: 500

    [0m [90m 24 |[39m                 [33m.[39msend({ phoneNumber[33m:[39m [32m'
5551234567'[39m })[33m;[39m
     [90m 25 |[39m
    [31m[1m>[22m[39m[90m 26 |[39m             expect(res[33m.[39mstatusCode)[33
m.[39mtoBe([35m201[39m)[33m;[39m
     [90m    |[39m                                    [31m[1m^[22m[39m
     [90m 27 |[39m             expect(res[33m.[39mbody)[33m.[39mtoHaveProperty([3
2m'user'[39m)[33m;[39m
     [90m 28 |[39m             expect(res[33m.[39mbody)[33m.[39mtoHaveProperty([3
2m'token'[39m)[33m;[39m
     [90m 29 |[39m             expect(res[33m.[39mbody[33m.[39mmsg)[33m.[39mtoBe
([32m'User registered'[39m)[33m;[39m[0m

      at Object.toBe (__tests__/auth.test.js:26:36)

FAIL __tests__/e2e.test.js
  End-to-End User Flow Tests
    Complete Driver Flow
      ├ù should complete full driver workflow: register -> create service -> manage serv
ice (102 ms)
    Complete Passenger Flow
      ├ù should complete full passenger workflow: register -> join service -> leave serv
ice (8 ms)
    Driver-Passenger Interaction
      ├ù should handle multiple passengers joining and leaving (43 ms)
    Edge Cases and Error Scenarios
      ÔêÜ should prevent creating service with duplicate code (11 ms)
      ÔêÜ should handle invalid service code gracefully (12 ms)
      ÔêÜ should handle deleting non-existent service (10 ms)
      ÔêÜ should validate required fields on service creation (7 ms)

  ÔùÅ End-to-End User Flow Tests ÔÇ║ Complete Driver Flow ÔÇ║ should complete full drive
r workflow: register -> create service -> manage service

    expect(received).toBe(expected) // Object.is equality

    Expected: 200
    Received: 404

    [0m [90m 54 |[39m                 })[33m;[39m
     [90m 55 |[39m
    [31m[1m>[22m[39m[90m 56 |[39m             expect(profileRes[33m.[39mstatusCo
de)[33m.[39mtoBe([35m200[39m)[33m;[39m
     [90m    |[39m                                           [31m[1m^[22m[39m
     [90m 57 |[39m             expect(profileRes[33m.[39mbody[33m.[39muser[33m.[
39mname)[33m.[39mtoBe([32m'Test Driver'[39m)[33m;[39m
     [90m 58 |[39m             expect(profileRes[33m.[39mbody[33m.[39muser[33m.[
39mrole)[33m.[39mtoBe([32m'DRIVER'[39m)[33m;[39m
     [90m 59 |[39m[0m

      at Object.toBe (__tests__/e2e.test.js:56:43)

  ÔùÅ End-to-End User Flow Tests ÔÇ║ Complete Passenger Flow ÔÇ║ should complete full pa
ssenger workflow: register -> join service -> leave service

    MongoServerError: E11000 duplicate key error collection: servis-takip-test.users ind
ex: phoneNumber_1 dup key: { phoneNumber: "5551234567" }

    [0m [90m  98 |[39m         beforeEach([36masync[39m () [33m=>[39m {
     [90m  99 |[39m             [90m// Setup: Create a driver and service[39m
    [31m[1m>[22m[39m[90m 100 |[39m             [36mconst[39m driver [33m=[39m 
[36mawait[39m [33mUser[39m[33m.[39mcreate({
     [90m     |[39m                            [31m[1m^[22m[39m
     [90m 101 |[39m                 phoneNumber[33m:[39m [32m'5551234567'[39m[33m
,[39m
     [90m 102 |[39m                 role[33m:[39m [32m'DRIVER'[39m[33m,[39m
     [90m 103 |[39m                 name[33m:[39m [32m'Test Driver'[39m[0m

      at InsertOneOperation.handleOk (node_modules/mongodb/src/operations/insert.ts:79:1
3)
      at tryOperation (node_modules/mongodb/src/operations/execute_operation.ts:294:26)
      at executeOperation (node_modules/mongodb/src/operations/execute_operation.ts:123:
12)
      at Collection.insertOne (node_modules/mongodb/src/collection.ts:294:12)
      at model.$__save (node_modules/mongoose/lib/model.js:398:16)
      at model.save (node_modules/mongoose/lib/model.js:609:5)
      at node_modules/mongoose/lib/model.js:2714:9
          at async Promise.all (index 0)
      at Function.create (node_modules/mongoose/lib/model.js:2699:11)
      at Object.<anonymous> (__tests__/e2e.test.js:100:28)

  ÔùÅ End-to-End User Flow Tests ÔÇ║ Driver-Passenger Interaction ÔÇ║ should handle mult
iple passengers joining and leaving

    TypeError: Cannot read properties of null (reading 'passengers')

    [0m [90m 198 |[39m             [90m// Check service has 3 passengers[39m
     [90m 199 |[39m             [36mlet[39m serviceCheck [33m=[39m [36mawait[39m
 [33mService[39m[33m.[39mfindById(serviceId)[33m;[39m
    [31m[1m>[22m[39m[90m 200 |[39m             expect(serviceCheck[33m.[39mpasse
ngers[33m.[39mlength)[33m.[39mtoBe([35m3[39m)[33m;[39m
     [90m     |[39m                                 [31m[1m^[22m[39m
     [90m 201 |[39m
     [90m 202 |[39m             [90m// Remove one passenger[39m
     [90m 203 |[39m             [36mawait[39m request(app)[0m

      at Object.passengers (__tests__/e2e.test.js:200:33)

FAIL __tests__/services.test.js
  Services API Tests
    POST /api/services/create
      ├ù should create a new service successfully (41 ms)
      ÔêÜ should return 400 if required fields are missing (47 ms)
    GET /api/services/driver/:driverId
      ÔêÜ should return all services for a driver (33 ms)
      ÔêÜ should return empty array if driver has no services (18 ms)
    POST /api/services/join
      ├ù should allow passenger to join service with valid code (24 ms)
      ÔêÜ should return 404 for invalid code (16 ms)
      ÔêÜ should prevent joining same service twice (33 ms)
    POST /api/services/remove-passenger
      ÔêÜ should remove passenger from service (18 ms)

  ÔùÅ Services API Tests ÔÇ║ POST /api/services/create ÔÇ║ should create a new service s
uccessfully

    MongoServerError: E11000 duplicate key error collection: servis-takip-test.users ind
ex: phoneNumber_1 dup key: { phoneNumber: "5551234567" }

    [0m [90m 32 |[39m         beforeEach([36masync[39m () [33m=>[39m {
     [90m 33 |[39m             [90m// Create a driver user[39m
    [31m[1m>[22m[39m[90m 34 |[39m             [36mconst[39m driver [33m=[39m 
[36mawait[39m [33mUser[39m[33m.[39mcreate({
     [90m    |[39m                            [31m[1m^[22m[39m
     [90m 35 |[39m                 phoneNumber[33m:[39m [32m'5551234567'[39m[33m,
[39m
     [90m 36 |[39m                 name[33m:[39m [32m'Test Driver'[39m[33m,[39m
     [90m 37 |[39m                 role[33m:[39m [32m'DRIVER'[39m[0m

      at InsertOneOperation.handleOk (node_modules/mongodb/src/operations/insert.ts:79:1
3)
      at tryOperation (node_modules/mongodb/src/operations/execute_operation.ts:294:26)
      at executeOperation (node_modules/mongodb/src/operations/execute_operation.ts:123:
12)
      at Collection.insertOne (node_modules/mongodb/src/collection.ts:294:12)
      at model.$__save (node_modules/mongoose/lib/model.js:398:16)
      at model.save (node_modules/mongoose/lib/model.js:609:5)
      at node_modules/mongoose/lib/model.js:2714:9
          at async Promise.all (index 0)
      at Function.create (node_modules/mongoose/lib/model.js:2699:11)
      at Object.<anonymous> (__tests__/services.test.js:34:28)

  ÔùÅ Services API Tests ÔÇ║ POST /api/services/join ÔÇ║ should allow passenger to join 
service with valid code

    expect(received).toBe(expected) // Object.is equality

    Expected: 200
    Received: 404

    [0m [90m 149 |[39m                 })[33m;[39m
     [90m 150 |[39m
    [31m[1m>[22m[39m[90m 151 |[39m             expect(res[33m.[39mstatusCode)[3
3m.[39mtoBe([35m200[39m)[33m;[39m
     [90m     |[39m                                    [31m[1m^[22m[39m
     [90m 152 |[39m             expect(res[33m.[39mbody[33m.[39mpassengers)[33m.
[39mtoContainEqual(expect[33m.[39mobjectContaining({
     [90m 153 |[39m                 _id[33m:[39m passengerId
     [90m 154 |[39m             }))[33m;[39m[0m

      at Object.toBe (__tests__/services.test.js:151:36)

Test Suites: 3 failed, 3 total
Tests:       6 failed, 12 passed, 18 total
Snapshots:   0 total
Time:        2.12 s
Ran all test suites.
